
> tmp-app@0.1.0 build
> next build

  Γû▓ Next.js 14.2.23

   Creating an optimized production build ...
node.exe :  ΓÜá Compiled 
with warnings
At line:1 char:1
+ & "C:\Program 
Files\nodejs/node.exe" 
"C:\Users\GOKUL 
CHANDRA\AppData\ ...
+ ~~~~~~~~~~~~~~~~~~~~~~~~~~~
~~~~~~~~~~~~~~~~~~~~~~~~~~~~~
~~~~~~~~~~~~~
    + CategoryInfo           
   : NotSpecified: ( ΓÜá Co  
  mpiled with warnings:Str   
 ing) [], RemoteException
    + FullyQualifiedErrorId  
   : NativeCommandError
 

./src/app/layout.tsx
Attempted import error: 
'getSiteData' is not 
exported from 
'@/lib/data-loader' 
(imported as 'getSiteData').

Import trace for requested 
module:
./src/app/layout.tsx

Failed to compile.

./src/app/globals.css.webpack
[javascript/auto]!=!./node_mo
dules/next/dist/build/webpack
/loaders/css-loader/src/index
.js??ruleSet[1].rules[14].one
Of[12].use[2]!./node_modules/
next/dist/build/webpack/loade
rs/postcss-loader/src/index.j
s??ruleSet[1].rules[14].oneOf
[12].use[3]!./src/app/globals
.css
Error: Cannot find module 
'tailwindcss-animate'
Require stack:
- E:\Threemats 
Tech\tailwind.config.ts
    at Function.<anonymous> (
node:internal/modules/cjs/loa
der:1365:15)
    at E:\Threemats Tech\node
_modules\next\dist\server\req
uire-hook.js:55:36
    at Function.resolve (node
:internal/modules/helpers:145
:19)
    at _resolve 
(E:\Threemats Tech\node_modul
es\jiti\dist\jiti.js:1:246378
)
    at jiti (E:\Threemats Tec
h\node_modules\jiti\dist\jiti
.js:1:249092)
    at E:\Threemats 
Tech\tailwind.config.ts:75:15
    at evalModule 
(E:\Threemats Tech\node_modul
es\jiti\dist\jiti.js:1:251913
)
    at jiti (E:\Threemats Tec
h\node_modules\jiti\dist\jiti
.js:1:249841)
    at E:\Threemats Tech\node
_modules\tailwindcss\lib\lib\
load-config.js:53:30
    at loadConfig 
(E:\Threemats Tech\node_modul
es\tailwindcss\lib\lib\load-c
onfig.js:55:6)

Import trace for requested 
module:
./src/app/globals.css.webpack
[javascript/auto]!=!./node_mo
dules/next/dist/build/webpack
/loaders/css-loader/src/index
.js??ruleSet[1].rules[14].one
Of[12].use[2]!./node_modules/
next/dist/build/webpack/loade
rs/postcss-loader/src/index.j
s??ruleSet[1].rules[14].oneOf
[12].use[3]!./src/app/globals
.css
./src/app/globals.css

./src/app/globals.css
Error: Cannot find module 
'tailwindcss-animate'
Require stack:
- E:\Threemats 
Tech\tailwind.config.ts
    at Function.<anonymous> (
node:internal/modules/cjs/loa
der:1365:15)
    at E:\Threemats Tech\node
_modules\next\dist\server\req
uire-hook.js:55:36
    at Function.resolve (node
:internal/modules/helpers:145
:19)
    at _resolve 
(E:\Threemats Tech\node_modul
es\jiti\dist\jiti.js:1:246378
)
    at jiti (E:\Threemats Tec
h\node_modules\jiti\dist\jiti
.js:1:249092)
    at E:\Threemats 
Tech\tailwind.config.ts:75:15
    at evalModule 
(E:\Threemats Tech\node_modul
es\jiti\dist\jiti.js:1:251913
)
    at jiti (E:\Threemats Tec
h\node_modules\jiti\dist\jiti
.js:1:249841)
    at E:\Threemats Tech\node
_modules\tailwindcss\lib\lib\
load-config.js:53:30
    at loadConfig 
(E:\Threemats Tech\node_modul
es\tailwindcss\lib\lib\load-c
onfig.js:55:6)
    at tryRunOrWebpackError 
(E:\Threemats Tech\node_modul
es\next\dist\compiled\webpack
\bundle5.js:28:312989)
    at 
__webpack_require_module__ 
(E:\Threemats Tech\node_modul
es\next\dist\compiled\webpack
\bundle5.js:28:131165)
    at __nested_webpack_requi
re_153728__ (E:\Threemats Tec
h\node_modules\next\dist\comp
iled\webpack\bundle5.js:28:13
0607)
    at E:\Threemats Tech\node
_modules\next\dist\compiled\w
ebpack\bundle5.js:28:131454
    at symbolIterator 
(E:\Threemats Tech\node_modul
es\next\dist\compiled\neo-asy
nc\async.js:1:14444)
    at done (E:\Threemats Tec
h\node_modules\next\dist\comp
iled\neo-async\async.js:1:148
24)
    at Hook.eval [as 
callAsync] (eval at create 
(E:\Threemats Tech\node_modul
es\next\dist\compiled\webpack
\bundle5.js:13:28858), 
<anonymous>:15:1)
    at 
Hook.CALL_ASYNC_DELEGATE [as 
_callAsync] (E:\Threemats Tec
h\node_modules\next\dist\comp
iled\webpack\bundle5.js:13:26
012)
    at E:\Threemats Tech\node
_modules\next\dist\compiled\w
ebpack\bundle5.js:28:130328
    at symbolIterator 
(E:\Threemats Tech\node_modul
es\next\dist\compiled\neo-asy
nc\async.js:1:14402)
-- inner error --
Error: Cannot find module 
'tailwindcss-animate'
Require stack:
- E:\Threemats 
Tech\tailwind.config.ts
    at Function.<anonymous> (
node:internal/modules/cjs/loa
der:1365:15)
    at E:\Threemats Tech\node
_modules\next\dist\server\req
uire-hook.js:55:36
    at Function.resolve (node
:internal/modules/helpers:145
:19)
    at _resolve 
(E:\Threemats Tech\node_modul
es\jiti\dist\jiti.js:1:246378
)
    at jiti (E:\Threemats Tec
h\node_modules\jiti\dist\jiti
.js:1:249092)
    at E:\Threemats 
Tech\tailwind.config.ts:75:15
    at evalModule 
(E:\Threemats Tech\node_modul
es\jiti\dist\jiti.js:1:251913
)
    at jiti (E:\Threemats Tec
h\node_modules\jiti\dist\jiti
.js:1:249841)
    at E:\Threemats Tech\node
_modules\tailwindcss\lib\lib\
load-config.js:53:30
    at loadConfig 
(E:\Threemats Tech\node_modul
es\tailwindcss\lib\lib\load-c
onfig.js:55:6)
    at Object.<anonymous> 
(E:\Threemats Tech\node_modul
es\next\dist\build\webpack\lo
aders\css-loader\src\index.js
??ruleSet[1].rules[14].oneOf[
12].use[2]!E:\Threemats Tech\
node_modules\next\dist\build\
webpack\loaders\postcss-loade
r\src\index.js??ruleSet[1].ru
les[14].oneOf[12].use[3]!E:\T
hreemats 
Tech\src\app\globals.css:1:7)
    at E:\Threemats Tech\node
_modules\next\dist\compiled\w
ebpack\bundle5.js:28:922493
    at Hook.eval [as call] 
(eval at create 
(E:\Threemats Tech\node_modul
es\next\dist\compiled\webpack
\bundle5.js:13:28636), 
<anonymous>:7:1)
    at Hook.CALL_DELEGATE 
[as _call] (E:\Threemats Tech
\node_modules\next\dist\compi
led\webpack\bundle5.js:13:259
06)
    at E:\Threemats Tech\node
_modules\next\dist\compiled\w
ebpack\bundle5.js:28:131198
    at tryRunOrWebpackError 
(E:\Threemats Tech\node_modul
es\next\dist\compiled\webpack
\bundle5.js:28:312943)
    at 
__webpack_require_module__ 
(E:\Threemats Tech\node_modul
es\next\dist\compiled\webpack
\bundle5.js:28:131165)
    at __nested_webpack_requi
re_153728__ (E:\Threemats Tec
h\node_modules\next\dist\comp
iled\webpack\bundle5.js:28:13
0607)
    at E:\Threemats Tech\node
_modules\next\dist\compiled\w
ebpack\bundle5.js:28:131454
    at symbolIterator 
(E:\Threemats Tech\node_modul
es\next\dist\compiled\neo-asy
nc\async.js:1:14444)

Generated code for 
E:\Threemats Tech\node_module
s\next\dist\build\webpack\loa
ders\css-loader\src\index.js?
?ruleSet[1].rules[14].oneOf[1
2].use[2]!E:\Threemats Tech\n
ode_modules\next\dist\build\w
ebpack\loaders\postcss-loader
\src\index.js??ruleSet[1].rul
es[14].oneOf[12].use[3]!E:\Th
reemats 
Tech\src\app\globals.css

Import trace for requested 
module:
./src/app/globals.css


> Build failed because of 
webpack errors
